// Jest Snapshot v1, https://goo.gl/fbAQLP

exports[`Register renders default render 1`] = `
ShallowWrapper {
  "length": 1,
  Symbol(enzyme.__root__): [Circular],
  Symbol(enzyme.__unrendered__): <Styled(Content)>
    <Styled(ViewNB)>
      <Styled(Text)>
        Countries
      </Styled(Text)>
    </Styled(ViewNB)>
    <Styled(ViewNB)>
      <ScrollView>
        <Styled(ListItem)
          icon={true}
        >
          <Styled(Left)>
            <Styled(Text)>
              🇦🇩
            </Styled(Text)>
          </Styled(Left)>
          <Styled(Body)>
            <TouchableOpacity
              activeOpacity={0.2}
              onPress={[Function]}
            >
              <Styled(Text)>
                Andorra
              </Styled(Text)>
              <Styled(Text)
                note={true}
              >
                +
                376
              </Styled(Text)>
            </TouchableOpacity>
          </Styled(Body)>
          <Styled(Right)>
            <TouchableOpacity
              activeOpacity={0.2}
              onPress={[Function]}
            >
              <Styled(Icon)
                name="ios-arrow-forward"
                style={
                  Object {
                    "color": "black",
                  }
                }
              />
            </TouchableOpacity>
          </Styled(Right)>
        </Styled(ListItem)>
        <Styled(ListItem)
          icon={true}
        >
          <Styled(Left)>
            <Styled(Text)>
              🇦🇪
            </Styled(Text)>
          </Styled(Left)>
          <Styled(Body)>
            <TouchableOpacity
              activeOpacity={0.2}
              onPress={[Function]}
            >
              <Styled(Text)>
                United Arab Emirates
              </Styled(Text)>
              <Styled(Text)
                note={true}
              >
                +
                971
              </Styled(Text)>
            </TouchableOpacity>
          </Styled(Body)>
          <Styled(Right)>
            <TouchableOpacity
              activeOpacity={0.2}
              onPress={[Function]}
            >
              <Styled(Icon)
                name="ios-arrow-forward"
                style={
                  Object {
                    "color": "black",
                  }
                }
              />
            </TouchableOpacity>
          </Styled(Right)>
        </Styled(ListItem)>
      </ScrollView>
    </Styled(ViewNB)>
  </Styled(Content)>,
  Symbol(enzyme.__renderer__): Object {
    "batchedUpdates": [Function],
    "getNode": [Function],
    "render": [Function],
    "simulateEvent": [Function],
    "unmount": [Function],
  },
  Symbol(enzyme.__node__): Object {
    "instance": null,
    "key": undefined,
    "nodeType": "class",
    "props": Object {
      "children": Array [
        <Styled(ViewNB)>
          <Styled(Text)>
            Countries
          </Styled(Text)>
        </Styled(ViewNB)>,
        <Styled(ViewNB)>
          <ScrollView>
            <Styled(ListItem)
              icon={true}
            >
              <Styled(Left)>
                <Styled(Text)>
                  🇦🇩
                </Styled(Text)>
              </Styled(Left)>
              <Styled(Body)>
                <TouchableOpacity
                  activeOpacity={0.2}
                  onPress={[Function]}
                >
                  <Styled(Text)>
                    Andorra
                  </Styled(Text)>
                  <Styled(Text)
                    note={true}
                  >
                    +
                    376
                  </Styled(Text)>
                </TouchableOpacity>
              </Styled(Body)>
              <Styled(Right)>
                <TouchableOpacity
                  activeOpacity={0.2}
                  onPress={[Function]}
                >
                  <Styled(Icon)
                    name="ios-arrow-forward"
                    style={
                      Object {
                        "color": "black",
                      }
                    }
                  />
                </TouchableOpacity>
              </Styled(Right)>
            </Styled(ListItem)>
            <Styled(ListItem)
              icon={true}
            >
              <Styled(Left)>
                <Styled(Text)>
                  🇦🇪
                </Styled(Text)>
              </Styled(Left)>
              <Styled(Body)>
                <TouchableOpacity
                  activeOpacity={0.2}
                  onPress={[Function]}
                >
                  <Styled(Text)>
                    United Arab Emirates
                  </Styled(Text)>
                  <Styled(Text)
                    note={true}
                  >
                    +
                    971
                  </Styled(Text)>
                </TouchableOpacity>
              </Styled(Body)>
              <Styled(Right)>
                <TouchableOpacity
                  activeOpacity={0.2}
                  onPress={[Function]}
                >
                  <Styled(Icon)
                    name="ios-arrow-forward"
                    style={
                      Object {
                        "color": "black",
                      }
                    }
                  />
                </TouchableOpacity>
              </Styled(Right)>
            </Styled(ListItem)>
          </ScrollView>
        </Styled(ViewNB)>,
      ],
      "style": Object {
        "backgroundColor": "transparent",
        "flex": 1,
      },
      "virtual": undefined,
    },
    "ref": [Function],
    "rendered": Array [
      Object {
        "instance": null,
        "key": undefined,
        "nodeType": "class",
        "props": Object {
          "children": <Styled(Text)>
            Countries
          </Styled(Text)>,
          "virtual": undefined,
        },
        "ref": null,
        "rendered": Object {
          "instance": null,
          "key": undefined,
          "nodeType": "class",
          "props": Object {
            "children": "Countries",
            "virtual": undefined,
          },
          "ref": null,
          "rendered": "Countries",
          "type": [Function],
        },
        "type": [Function],
      },
      Object {
        "instance": null,
        "key": undefined,
        "nodeType": "class",
        "props": Object {
          "children": <ScrollView>
            <Styled(ListItem)
              icon={true}
            >
              <Styled(Left)>
                <Styled(Text)>
                  🇦🇩
                </Styled(Text)>
              </Styled(Left)>
              <Styled(Body)>
                <TouchableOpacity
                  activeOpacity={0.2}
                  onPress={[Function]}
                >
                  <Styled(Text)>
                    Andorra
                  </Styled(Text)>
                  <Styled(Text)
                    note={true}
                  >
                    +
                    376
                  </Styled(Text)>
                </TouchableOpacity>
              </Styled(Body)>
              <Styled(Right)>
                <TouchableOpacity
                  activeOpacity={0.2}
                  onPress={[Function]}
                >
                  <Styled(Icon)
                    name="ios-arrow-forward"
                    style={
                      Object {
                        "color": "black",
                      }
                    }
                  />
                </TouchableOpacity>
              </Styled(Right)>
            </Styled(ListItem)>
            <Styled(ListItem)
              icon={true}
            >
              <Styled(Left)>
                <Styled(Text)>
                  🇦🇪
                </Styled(Text)>
              </Styled(Left)>
              <Styled(Body)>
                <TouchableOpacity
                  activeOpacity={0.2}
                  onPress={[Function]}
                >
                  <Styled(Text)>
                    United Arab Emirates
                  </Styled(Text)>
                  <Styled(Text)
                    note={true}
                  >
                    +
                    971
                  </Styled(Text)>
                </TouchableOpacity>
              </Styled(Body)>
              <Styled(Right)>
                <TouchableOpacity
                  activeOpacity={0.2}
                  onPress={[Function]}
                >
                  <Styled(Icon)
                    name="ios-arrow-forward"
                    style={
                      Object {
                        "color": "black",
                      }
                    }
                  />
                </TouchableOpacity>
              </Styled(Right)>
            </Styled(ListItem)>
          </ScrollView>,
          "virtual": undefined,
        },
        "ref": null,
        "rendered": Object {
          "instance": null,
          "key": undefined,
          "nodeType": "class",
          "props": Object {
            "children": Array [
              <Styled(ListItem)
                icon={true}
              >
                <Styled(Left)>
                  <Styled(Text)>
                    🇦🇩
                  </Styled(Text)>
                </Styled(Left)>
                <Styled(Body)>
                  <TouchableOpacity
                    activeOpacity={0.2}
                    onPress={[Function]}
                  >
                    <Styled(Text)>
                      Andorra
                    </Styled(Text)>
                    <Styled(Text)
                      note={true}
                    >
                      +
                      376
                    </Styled(Text)>
                  </TouchableOpacity>
                </Styled(Body)>
                <Styled(Right)>
                  <TouchableOpacity
                    activeOpacity={0.2}
                    onPress={[Function]}
                  >
                    <Styled(Icon)
                      name="ios-arrow-forward"
                      style={
                        Object {
                          "color": "black",
                        }
                      }
                    />
                  </TouchableOpacity>
                </Styled(Right)>
              </Styled(ListItem)>,
              <Styled(ListItem)
                icon={true}
              >
                <Styled(Left)>
                  <Styled(Text)>
                    🇦🇪
                  </Styled(Text)>
                </Styled(Left)>
                <Styled(Body)>
                  <TouchableOpacity
                    activeOpacity={0.2}
                    onPress={[Function]}
                  >
                    <Styled(Text)>
                      United Arab Emirates
                    </Styled(Text)>
                    <Styled(Text)
                      note={true}
                    >
                      +
                      971
                    </Styled(Text)>
                  </TouchableOpacity>
                </Styled(Body)>
                <Styled(Right)>
                  <TouchableOpacity
                    activeOpacity={0.2}
                    onPress={[Function]}
                  >
                    <Styled(Icon)
                      name="ios-arrow-forward"
                      style={
                        Object {
                          "color": "black",
                        }
                      }
                    />
                  </TouchableOpacity>
                </Styled(Right)>
              </Styled(ListItem)>,
            ],
          },
          "ref": null,
          "rendered": Array [
            Object {
              "instance": null,
              "key": "376Andorra",
              "nodeType": "class",
              "props": Object {
                "children": Array [
                  <Styled(Left)>
                    <Styled(Text)>
                      🇦🇩
                    </Styled(Text)>
                  </Styled(Left)>,
                  <Styled(Body)>
                    <TouchableOpacity
                      activeOpacity={0.2}
                      onPress={[Function]}
                    >
                      <Styled(Text)>
                        Andorra
                      </Styled(Text)>
                      <Styled(Text)
                        note={true}
                      >
                        +
                        376
                      </Styled(Text)>
                    </TouchableOpacity>
                  </Styled(Body)>,
                  <Styled(Right)>
                    <TouchableOpacity
                      activeOpacity={0.2}
                      onPress={[Function]}
                    >
                      <Styled(Icon)
                        name="ios-arrow-forward"
                        style={
                          Object {
                            "color": "black",
                          }
                        }
                      />
                    </TouchableOpacity>
                  </Styled(Right)>,
                ],
                "icon": true,
                "virtual": undefined,
              },
              "ref": null,
              "rendered": Array [
                Object {
                  "instance": null,
                  "key": undefined,
                  "nodeType": "class",
                  "props": Object {
                    "children": <Styled(Text)>
                      🇦🇩
                    </Styled(Text)>,
                    "virtual": undefined,
                  },
                  "ref": null,
                  "rendered": Object {
                    "instance": null,
                    "key": undefined,
                    "nodeType": "class",
                    "props": Object {
                      "children": "🇦🇩",
                      "virtual": undefined,
                    },
                    "ref": null,
                    "rendered": "🇦🇩",
                    "type": [Function],
                  },
                  "type": [Function],
                },
                Object {
                  "instance": null,
                  "key": undefined,
                  "nodeType": "class",
                  "props": Object {
                    "children": <TouchableOpacity
                      activeOpacity={0.2}
                      onPress={[Function]}
                    >
                      <Styled(Text)>
                        Andorra
                      </Styled(Text)>
                      <Styled(Text)
                        note={true}
                      >
                        +
                        376
                      </Styled(Text)>
                    </TouchableOpacity>,
                    "virtual": undefined,
                  },
                  "ref": null,
                  "rendered": Object {
                    "instance": null,
                    "key": undefined,
                    "nodeType": "class",
                    "props": Object {
                      "activeOpacity": 0.2,
                      "children": Array [
                        <Styled(Text)>
                          Andorra
                        </Styled(Text)>,
                        <Styled(Text)
                          note={true}
                        >
                          +
                          376
                        </Styled(Text)>,
                      ],
                      "onPress": [Function],
                    },
                    "ref": null,
                    "rendered": Array [
                      Object {
                        "instance": null,
                        "key": undefined,
                        "nodeType": "class",
                        "props": Object {
                          "children": "Andorra",
                          "virtual": undefined,
                        },
                        "ref": null,
                        "rendered": "Andorra",
                        "type": [Function],
                      },
                      Object {
                        "instance": null,
                        "key": undefined,
                        "nodeType": "class",
                        "props": Object {
                          "children": Array [
                            "+",
                            "376",
                          ],
                          "note": true,
                          "virtual": undefined,
                        },
                        "ref": null,
                        "rendered": Array [
                          "+",
                          "376",
                        ],
                        "type": [Function],
                      },
                    ],
                    "type": [Function],
                  },
                  "type": [Function],
                },
                Object {
                  "instance": null,
                  "key": undefined,
                  "nodeType": "class",
                  "props": Object {
                    "children": <TouchableOpacity
                      activeOpacity={0.2}
                      onPress={[Function]}
                    >
                      <Styled(Icon)
                        name="ios-arrow-forward"
                        style={
                          Object {
                            "color": "black",
                          }
                        }
                      />
                    </TouchableOpacity>,
                    "virtual": undefined,
                  },
                  "ref": null,
                  "rendered": Object {
                    "instance": null,
                    "key": undefined,
                    "nodeType": "class",
                    "props": Object {
                      "activeOpacity": 0.2,
                      "children": <Styled(Icon)
                        name="ios-arrow-forward"
                        style={
                          Object {
                            "color": "black",
                          }
                        }
                      />,
                      "onPress": [Function],
                    },
                    "ref": null,
                    "rendered": Object {
                      "instance": null,
                      "key": undefined,
                      "nodeType": "class",
                      "props": Object {
                        "name": "ios-arrow-forward",
                        "style": Object {
                          "color": "black",
                        },
                        "virtual": undefined,
                      },
                      "ref": null,
                      "rendered": null,
                      "type": [Function],
                    },
                    "type": [Function],
                  },
                  "type": [Function],
                },
              ],
              "type": [Function],
            },
            Object {
              "instance": null,
              "key": "971United Arab Emirates",
              "nodeType": "class",
              "props": Object {
                "children": Array [
                  <Styled(Left)>
                    <Styled(Text)>
                      🇦🇪
                    </Styled(Text)>
                  </Styled(Left)>,
                  <Styled(Body)>
                    <TouchableOpacity
                      activeOpacity={0.2}
                      onPress={[Function]}
                    >
                      <Styled(Text)>
                        United Arab Emirates
                      </Styled(Text)>
                      <Styled(Text)
                        note={true}
                      >
                        +
                        971
                      </Styled(Text)>
                    </TouchableOpacity>
                  </Styled(Body)>,
                  <Styled(Right)>
                    <TouchableOpacity
                      activeOpacity={0.2}
                      onPress={[Function]}
                    >
                      <Styled(Icon)
                        name="ios-arrow-forward"
                        style={
                          Object {
                            "color": "black",
                          }
                        }
                      />
                    </TouchableOpacity>
                  </Styled(Right)>,
                ],
                "icon": true,
                "virtual": undefined,
              },
              "ref": null,
              "rendered": Array [
                Object {
                  "instance": null,
                  "key": undefined,
                  "nodeType": "class",
                  "props": Object {
                    "children": <Styled(Text)>
                      🇦🇪
                    </Styled(Text)>,
                    "virtual": undefined,
                  },
                  "ref": null,
                  "rendered": Object {
                    "instance": null,
                    "key": undefined,
                    "nodeType": "class",
                    "props": Object {
                      "children": "🇦🇪",
                      "virtual": undefined,
                    },
                    "ref": null,
                    "rendered": "🇦🇪",
                    "type": [Function],
                  },
                  "type": [Function],
                },
                Object {
                  "instance": null,
                  "key": undefined,
                  "nodeType": "class",
                  "props": Object {
                    "children": <TouchableOpacity
                      activeOpacity={0.2}
                      onPress={[Function]}
                    >
                      <Styled(Text)>
                        United Arab Emirates
                      </Styled(Text)>
                      <Styled(Text)
                        note={true}
                      >
                        +
                        971
                      </Styled(Text)>
                    </TouchableOpacity>,
                    "virtual": undefined,
                  },
                  "ref": null,
                  "rendered": Object {
                    "instance": null,
                    "key": undefined,
                    "nodeType": "class",
                    "props": Object {
                      "activeOpacity": 0.2,
                      "children": Array [
                        <Styled(Text)>
                          United Arab Emirates
                        </Styled(Text)>,
                        <Styled(Text)
                          note={true}
                        >
                          +
                          971
                        </Styled(Text)>,
                      ],
                      "onPress": [Function],
                    },
                    "ref": null,
                    "rendered": Array [
                      Object {
                        "instance": null,
                        "key": undefined,
                        "nodeType": "class",
                        "props": Object {
                          "children": "United Arab Emirates",
                          "virtual": undefined,
                        },
                        "ref": null,
                        "rendered": "United Arab Emirates",
                        "type": [Function],
                      },
                      Object {
                        "instance": null,
                        "key": undefined,
                        "nodeType": "class",
                        "props": Object {
                          "children": Array [
                            "+",
                            "971",
                          ],
                          "note": true,
                          "virtual": undefined,
                        },
                        "ref": null,
                        "rendered": Array [
                          "+",
                          "971",
                        ],
                        "type": [Function],
                      },
                    ],
                    "type": [Function],
                  },
                  "type": [Function],
                },
                Object {
                  "instance": null,
                  "key": undefined,
                  "nodeType": "class",
                  "props": Object {
                    "children": <TouchableOpacity
                      activeOpacity={0.2}
                      onPress={[Function]}
                    >
                      <Styled(Icon)
                        name="ios-arrow-forward"
                        style={
                          Object {
                            "color": "black",
                          }
                        }
                      />
                    </TouchableOpacity>,
                    "virtual": undefined,
                  },
                  "ref": null,
                  "rendered": Object {
                    "instance": null,
                    "key": undefined,
                    "nodeType": "class",
                    "props": Object {
                      "activeOpacity": 0.2,
                      "children": <Styled(Icon)
                        name="ios-arrow-forward"
                        style={
                          Object {
                            "color": "black",
                          }
                        }
                      />,
                      "onPress": [Function],
                    },
                    "ref": null,
                    "rendered": Object {
                      "instance": null,
                      "key": undefined,
                      "nodeType": "class",
                      "props": Object {
                        "name": "ios-arrow-forward",
                        "style": Object {
                          "color": "black",
                        },
                        "virtual": undefined,
                      },
                      "ref": null,
                      "rendered": null,
                      "type": [Function],
                    },
                    "type": [Function],
                  },
                  "type": [Function],
                },
              ],
              "type": [Function],
            },
          ],
          "type": [MockFunction],
        },
        "type": [Function],
      },
    ],
    "type": [Function],
  },
  Symbol(enzyme.__nodes__): Array [
    Object {
      "instance": null,
      "key": undefined,
      "nodeType": "class",
      "props": Object {
        "children": Array [
          <Styled(ViewNB)>
            <Styled(Text)>
              Countries
            </Styled(Text)>
          </Styled(ViewNB)>,
          <Styled(ViewNB)>
            <ScrollView>
              <Styled(ListItem)
                icon={true}
              >
                <Styled(Left)>
                  <Styled(Text)>
                    🇦🇩
                  </Styled(Text)>
                </Styled(Left)>
                <Styled(Body)>
                  <TouchableOpacity
                    activeOpacity={0.2}
                    onPress={[Function]}
                  >
                    <Styled(Text)>
                      Andorra
                    </Styled(Text)>
                    <Styled(Text)
                      note={true}
                    >
                      +
                      376
                    </Styled(Text)>
                  </TouchableOpacity>
                </Styled(Body)>
                <Styled(Right)>
                  <TouchableOpacity
                    activeOpacity={0.2}
                    onPress={[Function]}
                  >
                    <Styled(Icon)
                      name="ios-arrow-forward"
                      style={
                        Object {
                          "color": "black",
                        }
                      }
                    />
                  </TouchableOpacity>
                </Styled(Right)>
              </Styled(ListItem)>
              <Styled(ListItem)
                icon={true}
              >
                <Styled(Left)>
                  <Styled(Text)>
                    🇦🇪
                  </Styled(Text)>
                </Styled(Left)>
                <Styled(Body)>
                  <TouchableOpacity
                    activeOpacity={0.2}
                    onPress={[Function]}
                  >
                    <Styled(Text)>
                      United Arab Emirates
                    </Styled(Text)>
                    <Styled(Text)
                      note={true}
                    >
                      +
                      971
                    </Styled(Text)>
                  </TouchableOpacity>
                </Styled(Body)>
                <Styled(Right)>
                  <TouchableOpacity
                    activeOpacity={0.2}
                    onPress={[Function]}
                  >
                    <Styled(Icon)
                      name="ios-arrow-forward"
                      style={
                        Object {
                          "color": "black",
                        }
                      }
                    />
                  </TouchableOpacity>
                </Styled(Right)>
              </Styled(ListItem)>
            </ScrollView>
          </Styled(ViewNB)>,
        ],
        "style": Object {
          "backgroundColor": "transparent",
          "flex": 1,
        },
        "virtual": undefined,
      },
      "ref": [Function],
      "rendered": Array [
        Object {
          "instance": null,
          "key": undefined,
          "nodeType": "class",
          "props": Object {
            "children": <Styled(Text)>
              Countries
            </Styled(Text)>,
            "virtual": undefined,
          },
          "ref": null,
          "rendered": Object {
            "instance": null,
            "key": undefined,
            "nodeType": "class",
            "props": Object {
              "children": "Countries",
              "virtual": undefined,
            },
            "ref": null,
            "rendered": "Countries",
            "type": [Function],
          },
          "type": [Function],
        },
        Object {
          "instance": null,
          "key": undefined,
          "nodeType": "class",
          "props": Object {
            "children": <ScrollView>
              <Styled(ListItem)
                icon={true}
              >
                <Styled(Left)>
                  <Styled(Text)>
                    🇦🇩
                  </Styled(Text)>
                </Styled(Left)>
                <Styled(Body)>
                  <TouchableOpacity
                    activeOpacity={0.2}
                    onPress={[Function]}
                  >
                    <Styled(Text)>
                      Andorra
                    </Styled(Text)>
                    <Styled(Text)
                      note={true}
                    >
                      +
                      376
                    </Styled(Text)>
                  </TouchableOpacity>
                </Styled(Body)>
                <Styled(Right)>
                  <TouchableOpacity
                    activeOpacity={0.2}
                    onPress={[Function]}
                  >
                    <Styled(Icon)
                      name="ios-arrow-forward"
                      style={
                        Object {
                          "color": "black",
                        }
                      }
                    />
                  </TouchableOpacity>
                </Styled(Right)>
              </Styled(ListItem)>
              <Styled(ListItem)
                icon={true}
              >
                <Styled(Left)>
                  <Styled(Text)>
                    🇦🇪
                  </Styled(Text)>
                </Styled(Left)>
                <Styled(Body)>
                  <TouchableOpacity
                    activeOpacity={0.2}
                    onPress={[Function]}
                  >
                    <Styled(Text)>
                      United Arab Emirates
                    </Styled(Text)>
                    <Styled(Text)
                      note={true}
                    >
                      +
                      971
                    </Styled(Text)>
                  </TouchableOpacity>
                </Styled(Body)>
                <Styled(Right)>
                  <TouchableOpacity
                    activeOpacity={0.2}
                    onPress={[Function]}
                  >
                    <Styled(Icon)
                      name="ios-arrow-forward"
                      style={
                        Object {
                          "color": "black",
                        }
                      }
                    />
                  </TouchableOpacity>
                </Styled(Right)>
              </Styled(ListItem)>
            </ScrollView>,
            "virtual": undefined,
          },
          "ref": null,
          "rendered": Object {
            "instance": null,
            "key": undefined,
            "nodeType": "class",
            "props": Object {
              "children": Array [
                <Styled(ListItem)
                  icon={true}
                >
                  <Styled(Left)>
                    <Styled(Text)>
                      🇦🇩
                    </Styled(Text)>
                  </Styled(Left)>
                  <Styled(Body)>
                    <TouchableOpacity
                      activeOpacity={0.2}
                      onPress={[Function]}
                    >
                      <Styled(Text)>
                        Andorra
                      </Styled(Text)>
                      <Styled(Text)
                        note={true}
                      >
                        +
                        376
                      </Styled(Text)>
                    </TouchableOpacity>
                  </Styled(Body)>
                  <Styled(Right)>
                    <TouchableOpacity
                      activeOpacity={0.2}
                      onPress={[Function]}
                    >
                      <Styled(Icon)
                        name="ios-arrow-forward"
                        style={
                          Object {
                            "color": "black",
                          }
                        }
                      />
                    </TouchableOpacity>
                  </Styled(Right)>
                </Styled(ListItem)>,
                <Styled(ListItem)
                  icon={true}
                >
                  <Styled(Left)>
                    <Styled(Text)>
                      🇦🇪
                    </Styled(Text)>
                  </Styled(Left)>
                  <Styled(Body)>
                    <TouchableOpacity
                      activeOpacity={0.2}
                      onPress={[Function]}
                    >
                      <Styled(Text)>
                        United Arab Emirates
                      </Styled(Text)>
                      <Styled(Text)
                        note={true}
                      >
                        +
                        971
                      </Styled(Text)>
                    </TouchableOpacity>
                  </Styled(Body)>
                  <Styled(Right)>
                    <TouchableOpacity
                      activeOpacity={0.2}
                      onPress={[Function]}
                    >
                      <Styled(Icon)
                        name="ios-arrow-forward"
                        style={
                          Object {
                            "color": "black",
                          }
                        }
                      />
                    </TouchableOpacity>
                  </Styled(Right)>
                </Styled(ListItem)>,
              ],
            },
            "ref": null,
            "rendered": Array [
              Object {
                "instance": null,
                "key": "376Andorra",
                "nodeType": "class",
                "props": Object {
                  "children": Array [
                    <Styled(Left)>
                      <Styled(Text)>
                        🇦🇩
                      </Styled(Text)>
                    </Styled(Left)>,
                    <Styled(Body)>
                      <TouchableOpacity
                        activeOpacity={0.2}
                        onPress={[Function]}
                      >
                        <Styled(Text)>
                          Andorra
                        </Styled(Text)>
                        <Styled(Text)
                          note={true}
                        >
                          +
                          376
                        </Styled(Text)>
                      </TouchableOpacity>
                    </Styled(Body)>,
                    <Styled(Right)>
                      <TouchableOpacity
                        activeOpacity={0.2}
                        onPress={[Function]}
                      >
                        <Styled(Icon)
                          name="ios-arrow-forward"
                          style={
                            Object {
                              "color": "black",
                            }
                          }
                        />
                      </TouchableOpacity>
                    </Styled(Right)>,
                  ],
                  "icon": true,
                  "virtual": undefined,
                },
                "ref": null,
                "rendered": Array [
                  Object {
                    "instance": null,
                    "key": undefined,
                    "nodeType": "class",
                    "props": Object {
                      "children": <Styled(Text)>
                        🇦🇩
                      </Styled(Text)>,
                      "virtual": undefined,
                    },
                    "ref": null,
                    "rendered": Object {
                      "instance": null,
                      "key": undefined,
                      "nodeType": "class",
                      "props": Object {
                        "children": "🇦🇩",
                        "virtual": undefined,
                      },
                      "ref": null,
                      "rendered": "🇦🇩",
                      "type": [Function],
                    },
                    "type": [Function],
                  },
                  Object {
                    "instance": null,
                    "key": undefined,
                    "nodeType": "class",
                    "props": Object {
                      "children": <TouchableOpacity
                        activeOpacity={0.2}
                        onPress={[Function]}
                      >
                        <Styled(Text)>
                          Andorra
                        </Styled(Text)>
                        <Styled(Text)
                          note={true}
                        >
                          +
                          376
                        </Styled(Text)>
                      </TouchableOpacity>,
                      "virtual": undefined,
                    },
                    "ref": null,
                    "rendered": Object {
                      "instance": null,
                      "key": undefined,
                      "nodeType": "class",
                      "props": Object {
                        "activeOpacity": 0.2,
                        "children": Array [
                          <Styled(Text)>
                            Andorra
                          </Styled(Text)>,
                          <Styled(Text)
                            note={true}
                          >
                            +
                            376
                          </Styled(Text)>,
                        ],
                        "onPress": [Function],
                      },
                      "ref": null,
                      "rendered": Array [
                        Object {
                          "instance": null,
                          "key": undefined,
                          "nodeType": "class",
                          "props": Object {
                            "children": "Andorra",
                            "virtual": undefined,
                          },
                          "ref": null,
                          "rendered": "Andorra",
                          "type": [Function],
                        },
                        Object {
                          "instance": null,
                          "key": undefined,
                          "nodeType": "class",
                          "props": Object {
                            "children": Array [
                              "+",
                              "376",
                            ],
                            "note": true,
                            "virtual": undefined,
                          },
                          "ref": null,
                          "rendered": Array [
                            "+",
                            "376",
                          ],
                          "type": [Function],
                        },
                      ],
                      "type": [Function],
                    },
                    "type": [Function],
                  },
                  Object {
                    "instance": null,
                    "key": undefined,
                    "nodeType": "class",
                    "props": Object {
                      "children": <TouchableOpacity
                        activeOpacity={0.2}
                        onPress={[Function]}
                      >
                        <Styled(Icon)
                          name="ios-arrow-forward"
                          style={
                            Object {
                              "color": "black",
                            }
                          }
                        />
                      </TouchableOpacity>,
                      "virtual": undefined,
                    },
                    "ref": null,
                    "rendered": Object {
                      "instance": null,
                      "key": undefined,
                      "nodeType": "class",
                      "props": Object {
                        "activeOpacity": 0.2,
                        "children": <Styled(Icon)
                          name="ios-arrow-forward"
                          style={
                            Object {
                              "color": "black",
                            }
                          }
                        />,
                        "onPress": [Function],
                      },
                      "ref": null,
                      "rendered": Object {
                        "instance": null,
                        "key": undefined,
                        "nodeType": "class",
                        "props": Object {
                          "name": "ios-arrow-forward",
                          "style": Object {
                            "color": "black",
                          },
                          "virtual": undefined,
                        },
                        "ref": null,
                        "rendered": null,
                        "type": [Function],
                      },
                      "type": [Function],
                    },
                    "type": [Function],
                  },
                ],
                "type": [Function],
              },
              Object {
                "instance": null,
                "key": "971United Arab Emirates",
                "nodeType": "class",
                "props": Object {
                  "children": Array [
                    <Styled(Left)>
                      <Styled(Text)>
                        🇦🇪
                      </Styled(Text)>
                    </Styled(Left)>,
                    <Styled(Body)>
                      <TouchableOpacity
                        activeOpacity={0.2}
                        onPress={[Function]}
                      >
                        <Styled(Text)>
                          United Arab Emirates
                        </Styled(Text)>
                        <Styled(Text)
                          note={true}
                        >
                          +
                          971
                        </Styled(Text)>
                      </TouchableOpacity>
                    </Styled(Body)>,
                    <Styled(Right)>
                      <TouchableOpacity
                        activeOpacity={0.2}
                        onPress={[Function]}
                      >
                        <Styled(Icon)
                          name="ios-arrow-forward"
                          style={
                            Object {
                              "color": "black",
                            }
                          }
                        />
                      </TouchableOpacity>
                    </Styled(Right)>,
                  ],
                  "icon": true,
                  "virtual": undefined,
                },
                "ref": null,
                "rendered": Array [
                  Object {
                    "instance": null,
                    "key": undefined,
                    "nodeType": "class",
                    "props": Object {
                      "children": <Styled(Text)>
                        🇦🇪
                      </Styled(Text)>,
                      "virtual": undefined,
                    },
                    "ref": null,
                    "rendered": Object {
                      "instance": null,
                      "key": undefined,
                      "nodeType": "class",
                      "props": Object {
                        "children": "🇦🇪",
                        "virtual": undefined,
                      },
                      "ref": null,
                      "rendered": "🇦🇪",
                      "type": [Function],
                    },
                    "type": [Function],
                  },
                  Object {
                    "instance": null,
                    "key": undefined,
                    "nodeType": "class",
                    "props": Object {
                      "children": <TouchableOpacity
                        activeOpacity={0.2}
                        onPress={[Function]}
                      >
                        <Styled(Text)>
                          United Arab Emirates
                        </Styled(Text)>
                        <Styled(Text)
                          note={true}
                        >
                          +
                          971
                        </Styled(Text)>
                      </TouchableOpacity>,
                      "virtual": undefined,
                    },
                    "ref": null,
                    "rendered": Object {
                      "instance": null,
                      "key": undefined,
                      "nodeType": "class",
                      "props": Object {
                        "activeOpacity": 0.2,
                        "children": Array [
                          <Styled(Text)>
                            United Arab Emirates
                          </Styled(Text)>,
                          <Styled(Text)
                            note={true}
                          >
                            +
                            971
                          </Styled(Text)>,
                        ],
                        "onPress": [Function],
                      },
                      "ref": null,
                      "rendered": Array [
                        Object {
                          "instance": null,
                          "key": undefined,
                          "nodeType": "class",
                          "props": Object {
                            "children": "United Arab Emirates",
                            "virtual": undefined,
                          },
                          "ref": null,
                          "rendered": "United Arab Emirates",
                          "type": [Function],
                        },
                        Object {
                          "instance": null,
                          "key": undefined,
                          "nodeType": "class",
                          "props": Object {
                            "children": Array [
                              "+",
                              "971",
                            ],
                            "note": true,
                            "virtual": undefined,
                          },
                          "ref": null,
                          "rendered": Array [
                            "+",
                            "971",
                          ],
                          "type": [Function],
                        },
                      ],
                      "type": [Function],
                    },
                    "type": [Function],
                  },
                  Object {
                    "instance": null,
                    "key": undefined,
                    "nodeType": "class",
                    "props": Object {
                      "children": <TouchableOpacity
                        activeOpacity={0.2}
                        onPress={[Function]}
                      >
                        <Styled(Icon)
                          name="ios-arrow-forward"
                          style={
                            Object {
                              "color": "black",
                            }
                          }
                        />
                      </TouchableOpacity>,
                      "virtual": undefined,
                    },
                    "ref": null,
                    "rendered": Object {
                      "instance": null,
                      "key": undefined,
                      "nodeType": "class",
                      "props": Object {
                        "activeOpacity": 0.2,
                        "children": <Styled(Icon)
                          name="ios-arrow-forward"
                          style={
                            Object {
                              "color": "black",
                            }
                          }
                        />,
                        "onPress": [Function],
                      },
                      "ref": null,
                      "rendered": Object {
                        "instance": null,
                        "key": undefined,
                        "nodeType": "class",
                        "props": Object {
                          "name": "ios-arrow-forward",
                          "style": Object {
                            "color": "black",
                          },
                          "virtual": undefined,
                        },
                        "ref": null,
                        "rendered": null,
                        "type": [Function],
                      },
                      "type": [Function],
                    },
                    "type": [Function],
                  },
                ],
                "type": [Function],
              },
            ],
            "type": [MockFunction],
          },
          "type": [Function],
        },
      ],
      "type": [Function],
    },
  ],
  Symbol(enzyme.__options__): Object {
    "adapter": ReactSixteenAdapter {
      "options": Object {
        "enableComponentDidUpdateOnSetState": true,
      },
    },
  },
}
`;
